     1                                  extern PROCEDURAL
     2                                  extern OBJECTORIENTED
     3                                  extern FUNCTIONAL
     4                                  extern programminglanguageSize
     5                                  extern memcpy
     6                                  
     7                                  global YearsDivideLetters
     8                                  YearsDivideLetters:
     9                                  section .text
    10 00000000 55                      push rbp
    11 00000001 4889E5                  mov rbp, rsp
    12                                  
    13                                      ; В rdi адрес фигуры
    14 00000004 8B07                        mov eax, [rdi]
    15 00000006 3B0425[00000000]            cmp eax, [FUNCTIONAL]
    16 0000000D 741A                        je .functionalDivide
    17 0000000F 3B0425[00000000]            cmp eax, [OBJECTORIENTED]
    18 00000016 741C                        je .objectDivide
    19 00000018 3B0425[00000000]            cmp eax, [PROCEDURAL]
    20 0000001F 741E                        je .procedurallDivide
    21 00000021 31C0                        xor eax, eax
    22 00000023 F20F2AC0                    cvtsi2sd    xmm0, eax
    23 00000027 EB1F                        jmp     .return
    24                                  .functionalDivide:
    25 00000029 4883C704                    add     rdi, 4
    26 0000002D E818000000                  call    YearsDivideLettersFunctional
    27 00000032 EB14                        jmp     .return
    28                                  .objectDivide:
    29 00000034 4883C704                    add     rdi, 4
    30 00000038 E826000000                  call    YearsDivideLettersObjectOriented
    31 0000003D EB09                        jmp     .return
    32                                  .procedurallDivide:
    33 0000003F 4883C704                    add     rdi, 4
    34 00000043 E834000000                  call    YearsDivideLettersProcedural
    35                                  .return:
    36 00000048 C9                      leave
    37 00000049 C3                      ret
    38                                  ;
    39                                  ;;double YearsDivideLettersFunctional(void *func) {
    40                                  ;;    int years = *((int *) (func + doubleSize));
    41                                  ;;    return (double) years / (double) 10;
    42                                  ;;}
    43                                  
    44                                  
    45                                  global YearsDivideLettersFunctional
    46                                  YearsDivideLettersFunctional:
    47                                  section .text
    48 0000004A 55                      push rbp
    49 0000004B 4889E5                  mov rbp, rsp
    50                                  
    51 0000004E 8B4708                      mov eax, [rdi+8]
    52 00000051 BA00000000                  mov edx, 0
    53 00000056 B90A000000                  mov ecx, 10
    54 0000005B F7F1                        div ecx
    55 0000005D F20F2AC0                    cvtsi2sd    xmm0, eax
    56                                  
    57 00000061 C9                      leave
    58 00000062 C3                      ret
    59                                  
    60                                  global YearsDivideLettersObjectOriented
    61                                  YearsDivideLettersObjectOriented:
    62                                  section .text
    63 00000063 55                      push rbp
    64 00000064 4889E5                  mov rbp, rsp
    65                                  
    66 00000067 8B4708                      mov eax, [rdi+8]
    67 0000006A BA00000000                  mov edx, 0
    68 0000006F B90E000000                  mov ecx, 14
    69 00000074 F7F1                        div ecx
    70 00000076 F20F2AC0                    cvtsi2sd    xmm0, eax
    71                                  
    72 0000007A C9                      leave
    73 0000007B C3                      ret
    74                                  
    75                                  global YearsDivideLettersProcedural
    76                                  YearsDivideLettersProcedural:
    77                                  section .text
    78 0000007C 55                      push rbp
    79 0000007D 4889E5                  mov rbp, rsp
    80                                  
    81 00000080 8B4708                      mov eax, [rdi+8]
    82 00000083 BA00000000                  mov edx, 0
    83 00000088 B90A000000                  mov ecx, 10
    84 0000008D F7F1                        div ecx
    85 0000008F F20F2AC0                    cvtsi2sd    xmm0, eax
    86                                  
    87 00000093 C9                      leave
    88 00000094 C3                      ret
    89                                  
    90                                  ; int BinarySearch(void *c, void *item, int low, int high)
    91                                  ; {
    92                                  ;     if (high <= low)
    93                                  ;     {
    94                                  ;         return (YearsDivideLetters(item) < YearsDivideLetters(c + low * programminglanguageSize)) ? (low + 1) : low;
    95                                  ;     }
    96                                  ;second_condition:
    97                                  ;     int mid = (low + high) / 2;
    98                                      ; if (YearsDivideLetters(item) == YearsDivideLetters(c + programminglanguageSize * mid))
    99                                      ; {
   100                                      ;     return mid + 1;
   101                                      ; }
   102                                  ;third_condition:
   103                                      ; if (YearsDivideLetters(item) < YearsDivideLetters(c + programminglanguageSize * mid))
   104                                      ; {
   105                                      ;     return BinarySearch(c, item, mid + 1, high);
   106                                      ; }
   107                                      ; return BinarySearch(c, item, low, mid - 1);
   108                                  ; }
   109                                  
   110                                  global BinarySearch
   111                                  BinarySearch:
   112                                  section .text
   113 00000095 55                              push    rbp
   114 00000096 4889E5                          mov     rbp, rsp
   115 00000099 53                              push    rbx
   116 0000009A 4883EC38                        sub     rsp, 56
   117 0000009E 48897DD8                        mov     qword [rbp-40], rdi
   118 000000A2 488975D0                        mov     qword [rbp-48], rsi
   119 000000A6 8955CC                          mov     dword [rbp-52], edx
   120 000000A9 894DC8                          mov     dword [rbp-56], ecx
   121 000000AC 8B45C8                          mov     eax, dword [rbp-56]
   122 000000AF 3B45CC                          cmp     eax, dword [rbp-52]
   123 000000B2 7F42                            jg      .second_Condition
   124 000000B4 488B45D0                        mov     rax, qword [rbp-48]
   125 000000B8 4889C7                          mov     rdi, rax
   126 000000BB E840FFFFFF                      call    YearsDivideLetters
   127 000000C0 89C3                            mov     ebx, eax
   128 000000C2 8B0425[00000000]                mov     eax, [programminglanguageSize]
   129 000000C9 0FAF45CC                        imul    eax, dword [rbp-52]
   130 000000CD 4863D0                          movsx   rdx, eax
   131 000000D0 488B45D8                        mov     rax, qword [rbp-40]
   132 000000D4 4801D0                          add     rax, rdx
   133 000000D7 4889C7                          mov     rdi, rax
   134 000000DA E821FFFFFF                      call    YearsDivideLetters
   135 000000DF 39C3                            cmp     ebx, eax
   136 000000E1 7D0B                            jge     .return_low
   137 000000E3 8B45CC                          mov     eax, dword [rbp-52]
   138 000000E6 83C001                          add     eax, 1
   139 000000E9 E9C4000000                      jmp     .return
   140                                  .return_low:
   141 000000EE 8B45CC                          mov     eax, dword [rbp-52]
   142 000000F1 E9BC000000                      jmp     .return
   143                                  .second_Condition:
   144 000000F6 8B55CC                          mov     edx, dword [rbp-52]
   145 000000F9 8B45C8                          mov     eax, dword [rbp-56]
   146 000000FC 01D0                            add     eax, edx
   147 000000FE 89C2                            mov     edx, eax
   148 00000100 C1EA1F                          shr     edx, 31
   149 00000103 01D0                            add     eax, edx
   150 00000105 BA00000000                      mov edx, 0
   151 0000010A B902000000                      mov ecx, 2
   152 0000010F F7F1                            div ecx
   153 00000111 8945EC                          mov     dword [rbp-20], eax
   154 00000114 488B45D0                        mov     rax, qword [rbp-48]
   155 00000118 4889C7                          mov     rdi, rax
   156 0000011B E8E0FEFFFF                      call    YearsDivideLetters
   157 00000120 89C3                            mov     ebx, eax
   158 00000122 8B0425[00000000]                mov     eax, dword [programminglanguageSize]
   159 00000129 0FAF45EC                        imul    eax, dword [rbp-20]
   160 0000012D 4863D0                          movsx   rdx, eax
   161 00000130 488B45D8                        mov     rax, qword [rbp-40]
   162 00000134 4801D0                          add     rax, rdx
   163 00000137 4889C7                          mov     rdi, rax
   164 0000013A E8C1FEFFFF                      call    YearsDivideLetters
   165 0000013F 39C3                            cmp     ebx, eax
   166 00000141 7508                            jne     .third_Condition
   167 00000143 8B45EC                          mov     eax, dword [rbp-20]
   168 00000146 83C001                          add     eax, 1
   169 00000149 EB67                            jmp     .return
   170                                  .third_Condition:
   171 0000014B 488B45D0                        mov     rax, qword [rbp-48]
   172 0000014F 4889C7                          mov     rdi, rax
   173 00000152 E8A9FEFFFF                      call    YearsDivideLetters
   174 00000157 89C3                            mov     ebx, eax
   175 00000159 8B0425[00000000]                mov     eax, dword [programminglanguageSize]
   176 00000160 0FAF45EC                        imul    eax, dword [rbp-20]
   177 00000164 4863D0                          movsx   rdx, eax
   178 00000167 488B45D8                        mov     rax, qword [rbp-40]
   179 0000016B 4801D0                          add     rax, rdx
   180 0000016E 4889C7                          mov     rdi, rax
   181 00000171 E88AFEFFFF                      call    YearsDivideLetters
   182 00000176 39C3                            cmp     ebx, eax
   183 00000178 7D1F                            jge     .return_low_mid_1
   184 0000017A 8B45EC                          mov     eax, dword [rbp-20]
   185 0000017D 8D7801                          lea     edi, [rax+1]
   186 00000180 8B55C8                          mov     edx, dword [rbp-56]
   187 00000183 488B75D0                        mov     rsi, qword [rbp-48]
   188 00000187 488B45D8                        mov     rax, qword [rbp-40]
   189 0000018B 89D1                            mov     ecx, edx
   190 0000018D 89FA                            mov     edx, edi
   191 0000018F 4889C7                          mov     rdi, rax
   192 00000192 E8FEFEFFFF                      call    BinarySearch
   193 00000197 EB19                            jmp     .return
   194                                  .return_low_mid_1:
   195 00000199 8B45EC                          mov     eax, dword [rbp-20]
   196 0000019C 8D48FF                          lea     ecx, [rax-1]
   197 0000019F 8B55CC                          mov     edx, dword [rbp-52]
   198 000001A2 488B75D0                        mov     rsi, qword [rbp-48]
   199 000001A6 488B45D8                        mov     rax, qword [rbp-40]
   200 000001AA 4889C7                          mov     rdi, rax
   201 000001AD E8E3FEFFFF                      call    BinarySearch
   202                                  .return:
   203 000001B2 488B5DF8                        mov     rbx, qword [rbp-8]
   204 000001B6 C9                              leave
   205 000001B7 C3                              ret
   206                                  
   207                                  global BinaryInsertion
   208                                  BinaryInsertion:
   209                                  section .text
   210 000001B8 55                              push    rbp
   211 000001B9 4889E5                          mov     rbp, rsp
   212 000001BC 4883EC40                        sub     rsp, 64
   213 000001C0 48897DC8                        mov     qword [rbp-56], rdi
   214 000001C4 8975C4                          mov     dword [rbp-60], esi
   215 000001C7 488D45D0                        lea     rax, [rbp-48]
   216 000001CB 488945F0                        mov     qword [rbp-16], rax
   217 000001CF C745FC01000000                  mov     dword [rbp-4], 1
   218 000001D6 E921010000                      jmp     .for_end
   219                                  .for_start:
   220 000001DB 8B45FC                          mov     eax, dword [rbp-4]
   221 000001DE 83E801                          sub     eax, 1
   222 000001E1 8945F8                          mov     dword [rbp-8], eax
   223 000001E4 8B0425[00000000]                mov     eax, [programminglanguageSize]
   224 000001EB 4863D0                          movsx   rdx, eax
   225 000001EE 8B0425[00000000]                mov     eax, [programminglanguageSize]
   226 000001F5 0FAF45FC                        imul    eax, dword [rbp-4]
   227 000001F9 4863C8                          movsx   rcx, eax
   228 000001FC 488B45C8                        mov     rax, qword [rbp-56]
   229 00000200 4801C1                          add     rcx, rax
   230 00000203 488D45D0                        lea     rax, [rbp-48]
   231 00000207 4889CE                          mov     rsi, rcx
   232 0000020A 4889C7                          mov     rdi, rax
   233 0000020D E8(00000000)                    call    memcpy
   234 00000212 8B55F8                          mov     edx, dword [rbp-8]
   235 00000215 488D75D0                        lea     rsi, [rbp-48]
   236 00000219 488B45C8                        mov     rax, qword [rbp-56]
   237 0000021D 89D1                            mov     ecx, edx
   238 0000021F BA00000000                      mov     edx, 0
   239 00000224 4889C7                          mov     rdi, rax
   240 00000227 E869FEFFFF                      call    BinarySearch
   241 0000022C 8945EC                          mov     dword [rbp-20], eax
   242 0000022F 8B45F8                          mov     eax, dword [rbp-8]
   243 00000232 3B45EC                          cmp     eax, dword [rbp-20]
   244 00000235 7D3C                            jge     .mainLoop
   245 00000237 8B0425[00000000]                mov     eax, [programminglanguageSize]
   246 0000023E 4863D0                          movsx   rdx, eax
   247 00000241 8B45F8                          mov     eax, dword [rbp-8]
   248 00000244 8D4801                          lea     ecx, [rax+1]
   249 00000247 8B0425[00000000]                mov     eax, [programminglanguageSize]
   250 0000024E 0FAFC1                          imul    eax, ecx
   251 00000251 4863C8                          movsx   rcx, eax
   252 00000254 488B45C8                        mov     rax, qword [rbp-56]
   253 00000258 4801C1                          add     rcx, rax
   254 0000025B 488D45D0                        lea     rax, [rbp-48]
   255 0000025F 4889C6                          mov     rsi, rax
   256 00000262 4889CF                          mov     rdi, rcx
   257 00000265 E8(00000000)                    call    memcpy
   258 0000026A 8345FC01                        add     dword [rbp-4], 1
   259 0000026E E989000000                      jmp     .for_end
   260                                  .mainLoop:
   261 00000273 8B0425[00000000]                mov     eax, [programminglanguageSize]
   262 0000027A 4898                            cdqe
   263 0000027C 8B1425[00000000]                mov     edx, [programminglanguageSize]
   264 00000283 0FAF55F8                        imul    edx, dword [rbp-8]
   265 00000287 4863CA                          movsx   rcx, edx
   266 0000028A 488B55C8                        mov     rdx, qword [rbp-56]
   267 0000028E 488D3411                        lea     rsi, [rcx+rdx]
   268 00000292 8B55F8                          mov     edx, dword [rbp-8]
   269 00000295 8D4A01                          lea     ecx, [rdx+1]
   270 00000298 8B1425[00000000]                mov     edx, [programminglanguageSize]
   271 0000029F 0FAFD1                          imul    edx, ecx
   272 000002A2 4863CA                          movsx   rcx, edx
   273 000002A5 488B55C8                        mov     rdx, qword [rbp-56]
   274 000002A9 4801D1                          add     rcx, rdx
   275 000002AC 4889C2                          mov     rdx, rax
   276 000002AF 4889CF                          mov     rdi, rcx
   277 000002B2 E8(00000000)                    call    memcpy
   278 000002B7 836DF801                        sub     dword [rbp-8], 1
   279 000002BB 8B45F8                          mov     eax, dword [rbp-8]
   280 000002BE 3B45EC                          cmp     eax, dword [rbp-20]
   281 000002C1 7DB0                            jge     .mainLoop
   282 000002C3 8B0425[00000000]                mov     eax, [programminglanguageSize]
   283 000002CA 4863D0                          movsx   rdx, eax
   284 000002CD 8B45F8                          mov     eax, dword [rbp-8]
   285 000002D0 8D4801                          lea     ecx, [rax+1]
   286 000002D3 8B0425[00000000]                mov     eax, [programminglanguageSize]
   287 000002DA 0FAFC1                          imul    eax, ecx
   288 000002DD 4863C8                          movsx   rcx, eax
   289 000002E0 488B45C8                        mov     rax, qword [rbp-56]
   290 000002E4 4801C1                          add     rcx, rax
   291 000002E7 488D45D0                        lea     rax, [rbp-48]
   292 000002EB 4889C6                          mov     rsi, rax
   293 000002EE 4889CF                          mov     rdi, rcx
   294 000002F1 E8(00000000)                    call    memcpy
   295 000002F6 8345FC01                        add     dword [rbp-4], 1
   296 000002FA EB00                            jmp     .for_end
   297                                  .for_end:
   298 000002FC 8B45FC                          mov     eax, dword [rbp-4]
   299 000002FF 3B45C4                          cmp     eax, dword [rbp-60]
   300 00000302 0F8CD3FEFFFF                    jl      .for_start
   301 00000308 EB00                            jmp     .return
   302                                  .return:
   303 0000030A C9                              leave
   304 0000030B C3                              ret
